Release 14.7 - xst P.20131013 (lin64)
Copyright (c) 1995-2013 Xilinx, Inc.  All rights reserved.
--> 
Parameter TMPDIR set to xst/projnav.tmp


Total REAL time to Xst completion: 1.00 secs
Total CPU time to Xst completion: 0.19 secs
 
--> 
Parameter xsthdpdir set to xst


Total REAL time to Xst completion: 1.00 secs
Total CPU time to Xst completion: 0.20 secs
 
--> 
Reading design: ALU_top.prj

TABLE OF CONTENTS
  1) Synthesis Options Summary
  2) HDL Parsing
  3) HDL Elaboration
  4) HDL Synthesis
       4.1) HDL Synthesis Report
  5) Advanced HDL Synthesis
       5.1) Advanced HDL Synthesis Report
  6) Low Level Synthesis
  7) Partition Report
  8) Design Summary
       8.1) Primitive and Black Box Usage
       8.2) Device utilization summary
       8.3) Partition Resource Summary
       8.4) Timing Report
            8.4.1) Clock Information
            8.4.2) Asynchronous Control Signals Information
            8.4.3) Timing Summary
            8.4.4) Timing Details
            8.4.5) Cross Clock Domains Report


=========================================================================
*                      Synthesis Options Summary                        *
=========================================================================
---- Source Parameters
Input File Name                    : "ALU_top.prj"
Ignore Synthesis Constraint File   : NO

---- Target Parameters
Output File Name                   : "ALU_top"
Output Format                      : NGC
Target Device                      : xc6slx9-2-csg225

---- Source Options
Top Module Name                    : ALU_top
Automatic FSM Extraction           : YES
FSM Encoding Algorithm             : Auto
Safe Implementation                : No
FSM Style                          : LUT
RAM Extraction                     : Yes
RAM Style                          : Auto
ROM Extraction                     : Yes
Shift Register Extraction          : YES
ROM Style                          : Auto
Resource Sharing                   : YES
Asynchronous To Synchronous        : NO
Shift Register Minimum Size        : 2
Use DSP Block                      : Auto
Automatic Register Balancing       : No

---- Target Options
LUT Combining                      : Auto
Reduce Control Sets                : Auto
Add IO Buffers                     : YES
Global Maximum Fanout              : 100000
Add Generic Clock Buffer(BUFG)     : 16
Register Duplication               : YES
Optimize Instantiated Primitives   : NO
Use Clock Enable                   : Auto
Use Synchronous Set                : Auto
Use Synchronous Reset              : Auto
Pack IO Registers into IOBs        : Auto
Equivalent register Removal        : YES

---- General Options
Optimization Goal                  : Speed
Optimization Effort                : 1
Power Reduction                    : NO
Keep Hierarchy                     : No
Netlist Hierarchy                  : As_Optimized
RTL Output                         : Yes
Global Optimization                : AllClockNets
Read Cores                         : YES
Write Timing Constraints           : NO
Cross Clock Analysis               : NO
Hierarchy Separator                : /
Bus Delimiter                      : <>
Case Specifier                     : Maintain
Slice Utilization Ratio            : 100
BRAM Utilization Ratio             : 100
DSP48 Utilization Ratio            : 100
Auto BRAM Packing                  : NO
Slice Utilization Ratio Delta      : 5

=========================================================================


=========================================================================
*                          HDL Parsing                                  *
=========================================================================
Parsing VHDL file "/home/ise/Documents/ALU_4BIT/PROCESADOR_LCD_REVD.vhd" into library work
Parsing entity <PROCESADOR_LCD_REVD>.
Parsing architecture <Behavioral> of entity <procesador_lcd_revd>.
Parsing VHDL file "/home/ise/Documents/ALU_4BIT/COMANDOS_LCD_REVD.vhd" into library work
Parsing package <COMANDOS_LCD_REVD>.
Parsing package body <COMANDOS_LCD_REVD>.
Parsing VHDL file "/home/ise/Documents/ALU_4BIT/CARACTERES_ESPECIALES_REVD.vhd" into library work
Parsing entity <CARACTERES_ESPECIALES_REVD>.
Parsing architecture <Behavioral> of entity <caracteres_especiales_revd>.
Parsing VHDL file "/home/ise/Documents/ALU_4BIT/SRM.vhd" into library work
Parsing entity <SRM>.
Parsing architecture <A_SRM> of entity <srm>.
Parsing VHDL file "/home/ise/Documents/ALU_4BIT/SHIFT_ADD3.vhd" into library work
Parsing entity <SHIFT_ADD3>.
Parsing architecture <Behavioral> of entity <shift_add3>.
Parsing VHDL file "/home/ise/Documents/ALU_4BIT/LOGICAS.vhd" into library work
Parsing entity <LOGICAS>.
Parsing architecture <A_LOGICAS> of entity <logicas>.
Parsing VHDL file "/home/ise/Documents/ALU_4BIT/LIB_TECLADO_MATRICIAL_4x4_RevA.vhd" into library work
Parsing entity <LIB_TEC_MATRICIAL_4x4_INTESC_RevA>.
Parsing architecture <Behavioral> of entity <lib_tec_matricial_4x4_intesc_reva>.
Parsing VHDL file "/home/ise/Documents/ALU_4BIT/LIB_LCD_INTESC_REVD.vhd" into library work
Parsing entity <LIB_LCD_INTESC_REVD>.
Parsing architecture <Behavioral> of entity <lib_lcd_intesc_revd>.
Parsing VHDL file "/home/ise/Documents/ALU_4BIT/KBDaBIN.vhd" into library work
Parsing entity <KBDaBIN>.
Parsing architecture <Behavioral> of entity <kbdabin>.
Parsing VHDL file "/home/ise/Documents/ALU_4BIT/DIV_FREC.vhd" into library work
Parsing entity <DIV_CLK>.
Parsing architecture <Behavioral> of entity <div_clk>.
Parsing VHDL file "/home/ise/Documents/ALU_4BIT/ALU_top.vhd" into library work
Parsing entity <ALU_top>.
Parsing architecture <A_ALU> of entity <alu_top>.

=========================================================================
*                            HDL Elaboration                            *
=========================================================================

Elaborating entity <ALU_top> (architecture <A_ALU>) from library <work>.

Elaborating entity <LIB_TEC_MATRICIAL_4x4_INTESC_RevA> (architecture <Behavioral>) with generics from library <work>.

Elaborating entity <KBDaBIN> (architecture <Behavioral>) from library <work>.

Elaborating entity <SRM> (architecture <A_SRM>) from library <work>.

Elaborating entity <LOGICAS> (architecture <A_LOGICAS>) from library <work>.

Elaborating entity <SHIFT_ADD3> (architecture <Behavioral>) from library <work>.

Elaborating entity <DIV_CLK> (architecture <Behavioral>) from library <work>.

Elaborating entity <LIB_LCD_INTESC_REVD> (architecture <Behavioral>) with generics from library <work>.

Elaborating entity <PROCESADOR_LCD_REVD> (architecture <Behavioral>) with generics from library <work>.

Elaborating entity <CARACTERES_ESPECIALES_REVD> (architecture <Behavioral>) from library <work>.
INFO:HDLCompiler:679 - "/home/ise/Documents/ALU_4BIT/LIB_LCD_INTESC_REVD.vhd" Line 367. Case statement is complete. others clause is never selected
WARNING:HDLCompiler:92 - "/home/ise/Documents/ALU_4BIT/LIB_LCD_INTESC_REVD.vhd" Line 369: signo should be on the sensitivity list of the process
INFO:HDLCompiler:679 - "/home/ise/Documents/ALU_4BIT/LIB_LCD_INTESC_REVD.vhd" Line 436. Case statement is complete. others clause is never selected
INFO:HDLCompiler:679 - "/home/ise/Documents/ALU_4BIT/LIB_LCD_INTESC_REVD.vhd" Line 460. Case statement is complete. others clause is never selected
INFO:HDLCompiler:679 - "/home/ise/Documents/ALU_4BIT/LIB_LCD_INTESC_REVD.vhd" Line 481. Case statement is complete. others clause is never selected

=========================================================================
*                           HDL Synthesis                               *
=========================================================================

Synthesizing Unit <ALU_top>.
    Related source file is "/home/ise/Documents/ALU_4BIT/ALU_top.vhd".
INFO:Xst:3210 - "/home/ise/Documents/ALU_4BIT/ALU_top.vhd" line 43: Output port <IND> of the instance <U1> is unconnected or connected to loadless signal.
    Summary:
	no macro.
Unit <ALU_top> synthesized.

Synthesizing Unit <LIB_TEC_MATRICIAL_4x4_INTESC_RevA>.
    Related source file is "/home/ise/Documents/ALU_4BIT/LIB_TECLADO_MATRICIAL_4x4_RevA.vhd".
        FREQ_CLK = 50000000
    Found 1-bit register for signal <BANDERA>.
    Found 19-bit register for signal <CONTA_10MS>.
    Found 1-bit register for signal <BANDERA2>.
    Found 2-bit register for signal <FILA>.
    Found 8-bit register for signal <REG_B1>.
    Found 8-bit register for signal <REG_B2>.
    Found 8-bit register for signal <REG_B3>.
    Found 8-bit register for signal <REG_BA>.
    Found 8-bit register for signal <REG_B4>.
    Found 8-bit register for signal <REG_B5>.
    Found 8-bit register for signal <REG_B6>.
    Found 8-bit register for signal <REG_BB>.
    Found 8-bit register for signal <REG_B7>.
    Found 8-bit register for signal <REG_B8>.
    Found 8-bit register for signal <REG_B9>.
    Found 8-bit register for signal <REG_BC>.
    Found 8-bit register for signal <REG_BAS>.
    Found 8-bit register for signal <REG_B0>.
    Found 8-bit register for signal <REG_BGA>.
    Found 8-bit register for signal <REG_BD>.
    Found 4-bit register for signal <BOTON_PRES>.
    Found 1-bit register for signal <IND_S>.
    Found 1-bit register for signal <IND>.
    Found 1-bit register for signal <EDO>.
    Found 16-bit register for signal <CONTA_1MS>.
    Found 16-bit adder for signal <CONTA_1MS[15]_GND_6_o_add_1_OUT> created at line 118.
    Found 19-bit adder for signal <CONTA_10MS[18]_GND_6_o_add_5_OUT> created at line 132.
    Found 2-bit adder for signal <FILA[1]_GND_6_o_add_9_OUT> created at line 146.
    Found 4x4-bit Read Only RAM for signal <FILA_REG_S>
    Summary:
	inferred   1 RAM(s).
	inferred   3 Adder/Subtractor(s).
	inferred 174 D-type flip-flop(s).
	inferred  26 Multiplexer(s).
Unit <LIB_TEC_MATRICIAL_4x4_INTESC_RevA> synthesized.

Synthesizing Unit <KBDaBIN>.
    Related source file is "/home/ise/Documents/ALU_4BIT/KBDaBIN.vhd".
    Found 4-bit register for signal <A>.
    Found 4-bit register for signal <B>.
    Summary:
	inferred   8 D-type flip-flop(s).
Unit <KBDaBIN> synthesized.

Synthesizing Unit <SRM>.
    Related source file is "/home/ise/Documents/ALU_4BIT/SRM.vhd".
    Found 8-bit adder for signal <GND_8_o_GND_8_o_add_1_OUT> created at line 30.
    Found 8-bit adder for signal <GND_8_o_GND_8_o_add_15_OUT> created at line 44.
    Found 8-bit adder for signal <GND_8_o_GND_8_o_add_21_OUT> created at line 44.
    Found 8-bit adder for signal <GND_8_o_GND_8_o_add_27_OUT> created at line 44.
    Found 8-bit adder for signal <GND_8_o_GND_8_o_add_33_OUT> created at line 44.
    Found 8-bit adder for signal <GND_8_o_GND_8_o_add_39_OUT> created at line 44.
    Found 8-bit adder for signal <GND_8_o_GND_8_o_add_45_OUT> created at line 44.
    Found 8-bit adder for signal <GND_8_o_GND_8_o_add_51_OUT> created at line 44.
    Found 8-bit adder for signal <GND_8_o_GND_8_o_add_57_OUT> created at line 44.
    Found 8-bit adder for signal <GND_8_o_GND_8_o_add_63_OUT> created at line 44.
    Found 8-bit adder for signal <GND_8_o_GND_8_o_add_69_OUT> created at line 44.
    Found 8-bit adder for signal <GND_8_o_GND_8_o_add_75_OUT> created at line 44.
    Found 8-bit adder for signal <GND_8_o_GND_8_o_add_81_OUT> created at line 44.
    Found 8-bit adder for signal <GND_8_o_GND_8_o_add_87_OUT> created at line 44.
    Found 4-bit subtractor for signal <GND_8_o_GND_8_o_sub_1_OUT<3:0>> created at line 27.
    Found 8-bit subtractor for signal <GND_8_o_GND_8_o_sub_4_OUT<7:0>> created at line 32.
    Found 8-bit subtractor for signal <GND_8_o_GND_8_o_sub_5_OUT<7:0>> created at line 33.
    Found 4-bit subtractor for signal <GND_8_o_GND_8_o_sub_10_OUT<3:0>> created at line 43.
    Found 4-bit subtractor for signal <GND_8_o_GND_8_o_sub_15_OUT<3:0>> created at line 43.
    Found 4-bit subtractor for signal <GND_8_o_GND_8_o_sub_21_OUT<3:0>> created at line 43.
    Found 4-bit subtractor for signal <GND_8_o_GND_8_o_sub_27_OUT<3:0>> created at line 43.
    Found 4-bit subtractor for signal <GND_8_o_GND_8_o_sub_33_OUT<3:0>> created at line 43.
    Found 4-bit subtractor for signal <GND_8_o_GND_8_o_sub_39_OUT<3:0>> created at line 43.
    Found 4-bit subtractor for signal <GND_8_o_GND_8_o_sub_45_OUT<3:0>> created at line 43.
    Found 4-bit subtractor for signal <GND_8_o_GND_8_o_sub_51_OUT<3:0>> created at line 43.
    Found 4-bit subtractor for signal <GND_8_o_GND_8_o_sub_57_OUT<3:0>> created at line 43.
    Found 4-bit subtractor for signal <GND_8_o_GND_8_o_sub_63_OUT<3:0>> created at line 43.
    Found 4-bit subtractor for signal <GND_8_o_GND_8_o_sub_69_OUT<3:0>> created at line 43.
    Found 4-bit subtractor for signal <GND_8_o_GND_8_o_sub_75_OUT<3:0>> created at line 43.
    Found 4-bit subtractor for signal <GND_8_o_GND_8_o_sub_81_OUT<3:0>> created at line 43.
    Found 4-bit subtractor for signal <GND_8_o_GND_8_o_sub_87_OUT<3:0>> created at line 43.
    Found 4x4-bit multiplier for signal <A[3]_B[3]_MuLt_6_OUT> created at line 35.
    Found 8-bit 5-to-1 multiplexer for signal <C> created at line 29.
    Found 4-bit comparator greater for signal <B[3]_INV_34_o> created at line 32
    Found 4-bit comparator lessequal for signal <n0009> created at line 42
    Found 4-bit comparator lessequal for signal <n0015> created at line 42
    Found 4-bit comparator lessequal for signal <n0022> created at line 42
    Found 4-bit comparator lessequal for signal <n0029> created at line 42
    Found 4-bit comparator lessequal for signal <n0036> created at line 42
    Found 4-bit comparator lessequal for signal <n0043> created at line 42
    Found 4-bit comparator lessequal for signal <n0050> created at line 42
    Found 4-bit comparator lessequal for signal <n0057> created at line 42
    Found 4-bit comparator lessequal for signal <n0064> created at line 42
    Found 4-bit comparator lessequal for signal <n0071> created at line 42
    Found 4-bit comparator lessequal for signal <n0078> created at line 42
    Found 4-bit comparator lessequal for signal <n0085> created at line 42
    Found 4-bit comparator lessequal for signal <n0092> created at line 42
    Found 4-bit comparator lessequal for signal <n0099> created at line 42
    Found 4-bit comparator lessequal for signal <n0106> created at line 42
    Summary:
	inferred   1 Multiplier(s).
	inferred  31 Adder/Subtractor(s).
	inferred  16 Comparator(s).
	inferred  45 Multiplexer(s).
Unit <SRM> synthesized.

Synthesizing Unit <LOGICAS>.
    Related source file is "/home/ise/Documents/ALU_4BIT/LOGICAS.vhd".
    Found 4-bit 5-to-1 multiplexer for signal <C> created at line 29.
    Summary:
	inferred   1 Multiplexer(s).
Unit <LOGICAS> synthesized.

Synthesizing Unit <SHIFT_ADD3>.
    Related source file is "/home/ise/Documents/ALU_4BIT/SHIFT_ADD3.vhd".
    Found 4-bit adder for signal <GND_11_o_GND_11_o_add_1_OUT> created at line 44.
    Found 4-bit adder for signal <C[7]_GND_11_o_add_3_OUT> created at line 44.
    Found 4-bit adder for signal <C[6]_GND_11_o_add_5_OUT> created at line 44.
    Found 4-bit adder for signal <C[5]_GND_11_o_add_7_OUT> created at line 44.
    Found 4-bit adder for signal <GND_11_o_GND_11_o_add_9_OUT> created at line 47.
    Found 4-bit adder for signal <C[4]_GND_11_o_add_11_OUT> created at line 44.
    Found 4-bit adder for signal <GND_11_o_GND_11_o_add_13_OUT> created at line 47.
    Found 3-bit comparator greater for signal <PWR_12_o_C[7]_LessThan_1_o> created at line 43
    Found 4-bit comparator greater for signal <GND_11_o_C[7]_LessThan_3_o> created at line 43
    Found 4-bit comparator greater for signal <GND_11_o_C[6]_LessThan_5_o> created at line 43
    Found 4-bit comparator greater for signal <GND_11_o_C[5]_LessThan_7_o> created at line 43
    Found 3-bit comparator greater for signal <PWR_12_o_GND_11_o_LessThan_9_o> created at line 46
    Found 4-bit comparator greater for signal <GND_11_o_C[4]_LessThan_11_o> created at line 43
    Found 4-bit comparator greater for signal <GND_11_o_GND_11_o_LessThan_13_o> created at line 46
    Summary:
	inferred   7 Adder/Subtractor(s).
	inferred   7 Comparator(s).
	inferred  28 Multiplexer(s).
Unit <SHIFT_ADD3> synthesized.

Synthesizing Unit <DIV_CLK>.
    Related source file is "/home/ise/Documents/ALU_4BIT/DIV_FREC.vhd".
    Found 16-bit register for signal <conta_1250us>.
    Found 1-bit register for signal <SAL_400Hz>.
    Found 16-bit adder for signal <conta_1250us[15]_GND_12_o_add_1_OUT> created at line 26.
    Summary:
	inferred   1 Adder/Subtractor(s).
	inferred  17 D-type flip-flop(s).
Unit <DIV_CLK> synthesized.

Synthesizing Unit <LIB_LCD_INTESC_REVD>.
    Related source file is "/home/ise/Documents/ALU_4BIT/LIB_LCD_INTESC_REVD.vhd".
        FPGA_CLK = 50000000
INFO:Xst:3210 - "/home/ise/Documents/ALU_4BIT/LIB_LCD_INTESC_REVD.vhd" line 289: Output port <BD_LCD> of the instance <u1> is unconnected or connected to loadless signal.
    Summary:
	inferred  32 Multiplexer(s).
Unit <LIB_LCD_INTESC_REVD> synthesized.

Synthesizing Unit <PROCESADOR_LCD_REVD>.
    Related source file is "/home/ise/Documents/ALU_4BIT/PROCESADOR_LCD_REVD.vhd".
        FPGA_CLK = 50000000
        NUM_INST = 34
    Found 7-bit register for signal <edo>.
    Found 1-bit register for signal <RS>.
    Found 1-bit register for signal <RW>.
    Found 16-bit register for signal <ciclo_enable>.
    Found 8-bit register for signal <DATA>.
    Found 1-bit register for signal <ok_enable>.
    Found 8-bit register for signal <BD_LCD>.
    Found 1-bit register for signal <avanzar>.
    Found 9-bit register for signal <data_s>.
    Found 6-bit register for signal <dir_salto_mem>.
    Found 1-bit register for signal <salto>.
    Found 8-bit register for signal <vec_ram>.
    Found 40-bit register for signal <vec_c_char>.
    Found 8-bit register for signal <vec_l_ram>.
    Found 2-bit register for signal <edo_enable>.
    Found 16-bit register for signal <conta_enable>.
    Found 1-bit register for signal <enable_fin>.
    Found 6-bit register for signal <dir_mem_s>.
    Found 22-bit register for signal <conta_delay>.
    Found finite state machine <FSM_1> for signal <edo_enable>.
    -----------------------------------------------------------------------
    | States             | 3                                              |
    | Transitions        | 5                                              |
    | Inputs             | 2                                              |
    | Outputs            | 4                                              |
    | Clock              | CLK (rising_edge)                              |
    | Power Up State     | 00                                             |
    | Encoding           | auto                                           |
    | Implementation     | LUT                                            |
    -----------------------------------------------------------------------
    Found finite state machine <FSM_0> for signal <edo>.
    -----------------------------------------------------------------------
    | States             | 63                                             |
    | Transitions        | 236                                            |
    | Inputs             | 21                                             |
    | Outputs            | 15                                             |
    | Clock              | CLK (rising_edge)                              |
    | Power Up State     | 0000000                                        |
    | Encoding           | auto                                           |
    | Implementation     | LUT                                            |
    -----------------------------------------------------------------------
    Found 22-bit adder for signal <conta_delay[21]_GND_16_o_add_48_OUT> created at line 141.
    Found 16-bit adder for signal <conta_enable[15]_GND_16_o_add_652_OUT> created at line 652.
    Found 17-bit adder for signal <n1587> created at line 669.
    Found 17-bit adder for signal <n1590> created at line 669.
    Found 6-bit adder for signal <dir_mem_s[5]_GND_16_o_add_669_OUT> created at line 685.
    Found 9-bit subtractor for signal <GND_16_o_GND_16_o_sub_84_OUT<8:0>> created at line 273.
    Found 9-bit subtractor for signal <GND_16_o_GND_16_o_sub_87_OUT<8:0>> created at line 275.
    Found 9-bit subtractor for signal <GND_16_o_GND_16_o_sub_88_OUT<8:0>> created at line 277.
    Found 9-bit subtractor for signal <GND_16_o_GND_16_o_sub_98_OUT<8:0>> created at line 305.
    Found 9-bit subtractor for signal <GND_16_o_GND_16_o_sub_101_OUT<8:0>> created at line 307.
    Found 8-bit subtractor for signal <GND_16_o_GND_16_o_sub_200_OUT<7:0>> created at line 609.
    Found 8-bit comparator greater for signal <n0012> created at line 77
    Found 8-bit comparator greater for signal <n0014> created at line 77
    Found 8-bit comparator greater for signal <n0017> created at line 79
    Found 8-bit comparator greater for signal <n0019> created at line 79
    Found 8-bit comparator greater for signal <n0022> created at line 81
    Found 8-bit comparator greater for signal <n0024> created at line 81
    Found 8-bit comparator greater for signal <n0029> created at line 87
    Found 8-bit comparator greater for signal <n0031> created at line 87
    Found 8-bit comparator greater for signal <n0034> created at line 89
    Found 8-bit comparator greater for signal <n0036> created at line 89
    Found 8-bit comparator lessequal for signal <n0041> created at line 93
    Found 8-bit comparator lessequal for signal <n0043> created at line 93
    Found 9-bit comparator lessequal for signal <n0098> created at line 272
    Found 9-bit comparator lessequal for signal <n0100> created at line 272
    Found 9-bit comparator lessequal for signal <n0104> created at line 274
    Found 9-bit comparator lessequal for signal <n0106> created at line 274
    Found 9-bit comparator lessequal for signal <n0117> created at line 304
    Found 9-bit comparator lessequal for signal <n0119> created at line 304
    Found 9-bit comparator lessequal for signal <n0123> created at line 306
    Found 9-bit comparator lessequal for signal <n0125> created at line 306
    Found 16-bit comparator greater for signal <n0987> created at line 653
    Found 17-bit comparator greater for signal <BUS_0005_GND_16_o_LessThan_666_o> created at line 669
    Found 17-bit comparator greater for signal <GND_16_o_BUS_0006_LessThan_668_o> created at line 669
    Summary:
	inferred   7 Adder/Subtractor(s).
	inferred 152 D-type flip-flop(s).
	inferred  23 Comparator(s).
	inferred  70 Multiplexer(s).
	inferred   2 Finite State Machine(s).
Unit <PROCESADOR_LCD_REVD> synthesized.

Synthesizing Unit <CARACTERES_ESPECIALES_REVD>.
    Related source file is "/home/ise/Documents/ALU_4BIT/CARACTERES_ESPECIALES_REVD.vhd".
    Summary:
	no macro.
Unit <CARACTERES_ESPECIALES_REVD> synthesized.

=========================================================================
HDL Synthesis Report

Macro Statistics
# RAMs                                                 : 1
 4x4-bit single-port Read Only RAM                     : 1
# Multipliers                                          : 1
 4x4-bit multiplier                                    : 1
# Adders/Subtractors                                   : 49
 16-bit adder                                          : 3
 17-bit adder                                          : 2
 19-bit adder                                          : 1
 2-bit adder                                           : 1
 22-bit adder                                          : 1
 4-bit adder                                           : 7
 4-bit subtractor                                      : 15
 6-bit adder                                           : 1
 8-bit adder                                           : 14
 8-bit subtractor                                      : 3
 9-bit subtractor                                      : 1
# Registers                                            : 45
 1-bit register                                        : 11
 16-bit register                                       : 4
 19-bit register                                       : 1
 2-bit register                                        : 1
 22-bit register                                       : 1
 4-bit register                                        : 3
 40-bit register                                       : 1
 6-bit register                                        : 2
 8-bit register                                        : 20
 9-bit register                                        : 1
# Comparators                                          : 46
 16-bit comparator greater                             : 1
 17-bit comparator greater                             : 2
 3-bit comparator greater                              : 2
 4-bit comparator greater                              : 6
 4-bit comparator lessequal                            : 15
 8-bit comparator greater                              : 10
 8-bit comparator lessequal                            : 2
 9-bit comparator lessequal                            : 8
# Multiplexers                                         : 202
 1-bit 2-to-1 multiplexer                              : 49
 22-bit 2-to-1 multiplexer                             : 5
 32-bit 2-to-1 multiplexer                             : 1
 4-bit 2-to-1 multiplexer                              : 26
 4-bit 5-to-1 multiplexer                              : 1
 40-bit 2-to-1 multiplexer                             : 7
 6-bit 2-to-1 multiplexer                              : 1
 8-bit 2-to-1 multiplexer                              : 76
 8-bit 5-to-1 multiplexer                              : 1
 9-bit 2-to-1 multiplexer                              : 35
# FSMs                                                 : 2
# Xors                                                 : 1
 4-bit xor2                                            : 1

=========================================================================
INFO:Xst:1767 - HDL ADVISOR - Resource sharing has identified that some arithmetic operations in this design can share the same physical resources for reduced device utilization. For improved clock frequency you may try to disable resource sharing.

=========================================================================
*                       Advanced HDL Synthesis                          *
=========================================================================

WARNING:Xst:1290 - Hierarchical block <U6> is unconnected in block <ALU_top>.
   It will be removed from the design.
INFO:Xst:2261 - The FF/Latch <ciclo_enable_3> in Unit <u1> is equivalent to the following 4 FFs/Latches, which will be removed : <ciclo_enable_7> <ciclo_enable_8> <ciclo_enable_9> <ciclo_enable_12> 
INFO:Xst:2261 - The FF/Latch <ciclo_enable_0> in Unit <u1> is equivalent to the following 10 FFs/Latches, which will be removed : <ciclo_enable_1> <ciclo_enable_2> <ciclo_enable_4> <ciclo_enable_5> <ciclo_enable_6> <ciclo_enable_10> <ciclo_enable_11> <ciclo_enable_13> <ciclo_enable_14> <ciclo_enable_15> 
WARNING:Xst:1426 - The value init of the FF/Latch ciclo_enable_3 hinder the constant cleaning in the block u1.
   You should achieve better results by setting this init to 1.
WARNING:Xst:1293 - FF/Latch <ciclo_enable_0> has a constant value of 0 in block <u1>. This FF/Latch will be trimmed during the optimization process.
WARNING:Xst:2677 - Node <data_s_8> of sequential type is unconnected in block <u1>.

Synthesizing (advanced) Unit <DIV_CLK>.
The following registers are absorbed into counter <conta_1250us>: 1 register on signal <conta_1250us>.
Unit <DIV_CLK> synthesized (advanced).

Synthesizing (advanced) Unit <LIB_TEC_MATRICIAL_4x4_INTESC_RevA>.
The following registers are absorbed into counter <CONTA_1MS>: 1 register on signal <CONTA_1MS>.
The following registers are absorbed into counter <CONTA_10MS>: 1 register on signal <CONTA_10MS>.
The following registers are absorbed into counter <FILA>: 1 register on signal <FILA>.
INFO:Xst:3218 - HDL ADVISOR - The RAM <Mram_FILA_REG_S> will be implemented on LUTs either because you have described an asynchronous read or because of currently unsupported block RAM features. If you have described an asynchronous read, making it synchronous would allow you to take advantage of available block RAM resources, for optimized device usage and improved timings. Please refer to your documentation for coding guidelines.
    -----------------------------------------------------------------------
    | ram_type           | Distributed                         |          |
    -----------------------------------------------------------------------
    | Port A                                                              |
    |     aspect ratio   | 4-word x 4-bit                      |          |
    |     weA            | connected to signal <GND>           | high     |
    |     addrA          | connected to signal <FILA>          |          |
    |     diA            | connected to signal <GND>           |          |
    |     doA            | connected to signal <FILA_REG_S>    |          |
    -----------------------------------------------------------------------
Unit <LIB_TEC_MATRICIAL_4x4_INTESC_RevA> synthesized (advanced).

Synthesizing (advanced) Unit <PROCESADOR_LCD_REVD>.
The following registers are absorbed into counter <dir_mem_s>: 1 register on signal <dir_mem_s>.
The following registers are absorbed into counter <conta_enable>: 1 register on signal <conta_enable>.
Unit <PROCESADOR_LCD_REVD> synthesized (advanced).
WARNING:Xst:2677 - Node <data_s_8> of sequential type is unconnected in block <PROCESADOR_LCD_REVD>.

=========================================================================
Advanced HDL Synthesis Report

Macro Statistics
# RAMs                                                 : 1
 4x4-bit single-port distributed Read Only RAM         : 1
# Multipliers                                          : 1
 4x4-bit multiplier                                    : 1
# Adders/Subtractors                                   : 43
 17-bit adder                                          : 2
 22-bit adder                                          : 1
 4-bit adder                                           : 7
 4-bit subtractor                                      : 15
 8-bit adder                                           : 14
 8-bit subtractor                                      : 3
 9-bit subtractor                                      : 1
# Counters                                             : 6
 16-bit up counter                                     : 3
 19-bit up counter                                     : 1
 2-bit up counter                                      : 1
 6-bit up counter                                      : 1
# Registers                                            : 275
 Flip-Flops                                            : 275
# Comparators                                          : 46
 16-bit comparator greater                             : 1
 17-bit comparator greater                             : 2
 3-bit comparator greater                              : 2
 4-bit comparator greater                              : 6
 4-bit comparator lessequal                            : 15
 8-bit comparator greater                              : 10
 8-bit comparator lessequal                            : 2
 9-bit comparator lessequal                            : 8
# Multiplexers                                         : 215
 1-bit 2-to-1 multiplexer                              : 65
 22-bit 2-to-1 multiplexer                             : 5
 32-bit 2-to-1 multiplexer                             : 1
 4-bit 2-to-1 multiplexer                              : 26
 4-bit 5-to-1 multiplexer                              : 1
 40-bit 2-to-1 multiplexer                             : 7
 8-bit 2-to-1 multiplexer                              : 74
 8-bit 5-to-1 multiplexer                              : 1
 9-bit 2-to-1 multiplexer                              : 35
# FSMs                                                 : 2
# Xors                                                 : 1
 4-bit xor2                                            : 1

=========================================================================

=========================================================================
*                         Low Level Synthesis                           *
=========================================================================
WARNING:Xst:1426 - The value init of the FF/Latch ciclo_enable_3 hinder the constant cleaning in the block PROCESADOR_LCD_REVD.
   You should achieve better results by setting this init to 1.
WARNING:Xst:1426 - The value init of the FF/Latch ciclo_enable_7 hinder the constant cleaning in the block PROCESADOR_LCD_REVD.
   You should achieve better results by setting this init to 1.
WARNING:Xst:1426 - The value init of the FF/Latch ciclo_enable_8 hinder the constant cleaning in the block PROCESADOR_LCD_REVD.
   You should achieve better results by setting this init to 1.
WARNING:Xst:1426 - The value init of the FF/Latch ciclo_enable_9 hinder the constant cleaning in the block PROCESADOR_LCD_REVD.
   You should achieve better results by setting this init to 1.
WARNING:Xst:1426 - The value init of the FF/Latch ciclo_enable_12 hinder the constant cleaning in the block PROCESADOR_LCD_REVD.
   You should achieve better results by setting this init to 1.
WARNING:Xst:1293 - FF/Latch <ciclo_enable_0> has a constant value of 0 in block <PROCESADOR_LCD_REVD>. This FF/Latch will be trimmed during the optimization process.
WARNING:Xst:1896 - Due to other FF/Latch trimming, FF/Latch <ciclo_enable_1> has a constant value of 0 in block <PROCESADOR_LCD_REVD>. This FF/Latch will be trimmed during the optimization process.
WARNING:Xst:1896 - Due to other FF/Latch trimming, FF/Latch <ciclo_enable_2> has a constant value of 0 in block <PROCESADOR_LCD_REVD>. This FF/Latch will be trimmed during the optimization process.
WARNING:Xst:1896 - Due to other FF/Latch trimming, FF/Latch <ciclo_enable_4> has a constant value of 0 in block <PROCESADOR_LCD_REVD>. This FF/Latch will be trimmed during the optimization process.
WARNING:Xst:1896 - Due to other FF/Latch trimming, FF/Latch <ciclo_enable_5> has a constant value of 0 in block <PROCESADOR_LCD_REVD>. This FF/Latch will be trimmed during the optimization process.
WARNING:Xst:1896 - Due to other FF/Latch trimming, FF/Latch <ciclo_enable_6> has a constant value of 0 in block <PROCESADOR_LCD_REVD>. This FF/Latch will be trimmed during the optimization process.
WARNING:Xst:1896 - Due to other FF/Latch trimming, FF/Latch <ciclo_enable_10> has a constant value of 0 in block <PROCESADOR_LCD_REVD>. This FF/Latch will be trimmed during the optimization process.
WARNING:Xst:1896 - Due to other FF/Latch trimming, FF/Latch <ciclo_enable_11> has a constant value of 0 in block <PROCESADOR_LCD_REVD>. This FF/Latch will be trimmed during the optimization process.
WARNING:Xst:1896 - Due to other FF/Latch trimming, FF/Latch <ciclo_enable_13> has a constant value of 0 in block <PROCESADOR_LCD_REVD>. This FF/Latch will be trimmed during the optimization process.
WARNING:Xst:1896 - Due to other FF/Latch trimming, FF/Latch <ciclo_enable_14> has a constant value of 0 in block <PROCESADOR_LCD_REVD>. This FF/Latch will be trimmed during the optimization process.
WARNING:Xst:1896 - Due to other FF/Latch trimming, FF/Latch <ciclo_enable_15> has a constant value of 0 in block <PROCESADOR_LCD_REVD>. This FF/Latch will be trimmed during the optimization process.
INFO:Xst:2261 - The FF/Latch <ciclo_enable_3> in Unit <PROCESADOR_LCD_REVD> is equivalent to the following 4 FFs/Latches, which will be removed : <ciclo_enable_7> <ciclo_enable_8> <ciclo_enable_9> <ciclo_enable_12> 
WARNING:Xst:2677 - Node <U6/SAL_400Hz> of sequential type is unconnected in block <ALU_top>.
Analyzing FSM <MFsm> for best encoding.
Optimizing FSM <U7/u1/FSM_0> on signal <edo[1:63]> with one-hot encoding.
----------------------------------------------------------------------------
 State   | Encoding
----------------------------------------------------------------------------
 0000000 | 000000000000000000000000000000000000000000000000000000000000001
 0000001 | 000000000000000000000000000000000000000000000000000000000000010
 0000010 | 000000000000000000000000000000000000000000000000000000000000100
 0011110 | 000000000000000000000000000000000000000000000000000000000001000
 1100100 | 000000000000000000000000000000000000000000000000000000000010000
 0111100 | 000000000000000000000000000000000000000000000000000000000100000
 0111010 | 000000000000000000000000000000000000000000000000000000001000000
 0110111 | 000000000000000000000000000000000000000000000000000000010000000
 0100010 | 000000000000000000000000000000000000000000000000000000100000000
 0100001 | 000000000000000000000000000000000000000000000000000001000000000
 0100000 | 000000000000000000000000000000000000000000000000000010000000000
 0011011 | 000000000000000000000000000000000000000000000000000100000000000
 0010111 | 000000000000000000000000000000000000000000000000001000000000000
 0000011 | 000000000000000000000000000000000000000000000000010000000000000
 0000100 | 000000000000000000000000000000000000000000000000100000000000000
 0000101 | 000000000000000000000000000000000000000000000001000000000000000
 0000110 | 000000000000000000000000000000000000000000000010000000000000000
 0000111 | 000000000000000000000000000000000000000000000100000000000000000
 0001000 | 000000000000000000000000000000000000000000001000000000000000000
 0001001 | 000000000000000000000000000000000000000000010000000000000000000
 0001010 | 000000000000000000000000000000000000000000100000000000000000000
 0001011 | 000000000000000000000000000000000000000001000000000000000000000
 0001100 | 000000000000000000000000000000000000000010000000000000000000000
 0001101 | 000000000000000000000000000000000000000100000000000000000000000
 0001110 | 000000000000000000000000000000000000001000000000000000000000000
 0001111 | 000000000000000000000000000000000000010000000000000000000000000
 0010000 | 000000000000000000000000000000000000100000000000000000000000000
 0010001 | 000000000000000000000000000000000001000000000000000000000000000
 0010010 | 000000000000000000000000000000000010000000000000000000000000000
 0010011 | 000000000000000000000000000000000100000000000000000000000000000
 0010100 | 000000000000000000000000000000001000000000000000000000000000000
 0010101 | 000000000000000000000000000000010000000000000000000000000000000
 0010110 | 000000000000000000000000000000100000000000000000000000000000000
 1100011 | 000000000000000000000000000001000000000000000000000000000000000
 0011001 | 000000000000000000000000000010000000000000000000000000000000000
 0011010 | 000000000000000000000000000100000000000000000000000000000000000
 0011100 | 000000000000000000000000001000000000000000000000000000000000000
 0011101 | 000000000000000000000000010000000000000000000000000000000000000
 0011111 | 000000000000000000000000100000000000000000000000000000000000000
 0100011 | 000000000000000000000001000000000000000000000000000000000000000
 0100100 | 000000000000000000000010000000000000000000000000000000000000000
 0100101 | 000000000000000000000100000000000000000000000000000000000000000
 0100110 | 000000000000000000001000000000000000000000000000000000000000000
 0100111 | 000000000000000000010000000000000000000000000000000000000000000
 0101000 | 000000000000000000100000000000000000000000000000000000000000000
 0101001 | 000000000000000001000000000000000000000000000000000000000000000
 0101010 | 000000000000000010000000000000000000000000000000000000000000000
 0101011 | 000000000000000100000000000000000000000000000000000000000000000
 0101100 | 000000000000001000000000000000000000000000000000000000000000000
 0101101 | 000000000000010000000000000000000000000000000000000000000000000
 0101110 | 000000000000100000000000000000000000000000000000000000000000000
 0101111 | 000000000001000000000000000000000000000000000000000000000000000
 0110000 | 000000000010000000000000000000000000000000000000000000000000000
 0110001 | 000000000100000000000000000000000000000000000000000000000000000
 0110010 | 000000001000000000000000000000000000000000000000000000000000000
 0110011 | 000000010000000000000000000000000000000000000000000000000000000
 0110100 | 000000100000000000000000000000000000000000000000000000000000000
 0110101 | 000001000000000000000000000000000000000000000000000000000000000
 0110110 | 000010000000000000000000000000000000000000000000000000000000000
 0111000 | 000100000000000000000000000000000000000000000000000000000000000
 0111001 | 001000000000000000000000000000000000000000000000000000000000000
 0111011 | 010000000000000000000000000000000000000000000000000000000000000
 0111101 | 100000000000000000000000000000000000000000000000000000000000000
----------------------------------------------------------------------------
Analyzing FSM <MFsm> for best encoding.
Optimizing FSM <U7/u1/FSM_1> on signal <edo_enable[1:2]> with user encoding.
-------------------
 State | Encoding
-------------------
 00    | 00
 01    | 01
 10    | 10
-------------------
WARNING:Xst:1426 - The value init of the FF/Latch vec_ram_6 hinder the constant cleaning in the block PROCESADOR_LCD_REVD.
   You should achieve better results by setting this init to 1.
WARNING:Xst:1293 - FF/Latch <vec_ram_0> has a constant value of 0 in block <PROCESADOR_LCD_REVD>. This FF/Latch will be trimmed during the optimization process.
WARNING:Xst:1896 - Due to other FF/Latch trimming, FF/Latch <vec_ram_1> has a constant value of 0 in block <PROCESADOR_LCD_REVD>. This FF/Latch will be trimmed during the optimization process.
WARNING:Xst:1896 - Due to other FF/Latch trimming, FF/Latch <vec_ram_2> has a constant value of 0 in block <PROCESADOR_LCD_REVD>. This FF/Latch will be trimmed during the optimization process.
WARNING:Xst:1896 - Due to other FF/Latch trimming, FF/Latch <vec_ram_7> has a constant value of 0 in block <PROCESADOR_LCD_REVD>. This FF/Latch will be trimmed during the optimization process.
WARNING:Xst:1896 - Due to other FF/Latch trimming, FF/Latch <vec_l_ram_3> has a constant value of 0 in block <PROCESADOR_LCD_REVD>. This FF/Latch will be trimmed during the optimization process.
WARNING:Xst:1896 - Due to other FF/Latch trimming, FF/Latch <vec_l_ram_4> has a constant value of 0 in block <PROCESADOR_LCD_REVD>. This FF/Latch will be trimmed during the optimization process.
WARNING:Xst:1896 - Due to other FF/Latch trimming, FF/Latch <vec_l_ram_5> has a constant value of 0 in block <PROCESADOR_LCD_REVD>. This FF/Latch will be trimmed during the optimization process.
WARNING:Xst:1896 - Due to other FF/Latch trimming, FF/Latch <vec_l_ram_6> has a constant value of 0 in block <PROCESADOR_LCD_REVD>. This FF/Latch will be trimmed during the optimization process.
WARNING:Xst:1896 - Due to other FF/Latch trimming, FF/Latch <vec_l_ram_7> has a constant value of 0 in block <PROCESADOR_LCD_REVD>. This FF/Latch will be trimmed during the optimization process.
INFO:Xst:2261 - The FF/Latch <vec_c_char_7> in Unit <PROCESADOR_LCD_REVD> is equivalent to the following 2 FFs/Latches, which will be removed : <vec_c_char_10> <vec_c_char_17> 
INFO:Xst:2261 - The FF/Latch <vec_c_char_11> in Unit <PROCESADOR_LCD_REVD> is equivalent to the following FF/Latch, which will be removed : <vec_c_char_36> 
INFO:Xst:2261 - The FF/Latch <vec_c_char_0> in Unit <PROCESADOR_LCD_REVD> is equivalent to the following FF/Latch, which will be removed : <vec_c_char_1> 
INFO:Xst:2261 - The FF/Latch <vec_c_char_20> in Unit <PROCESADOR_LCD_REVD> is equivalent to the following 6 FFs/Latches, which will be removed : <vec_c_char_21> <vec_c_char_22> <vec_c_char_25> <vec_c_char_26> <vec_c_char_27> <vec_c_char_30> 
INFO:Xst:2261 - The FF/Latch <vec_c_char_34> in Unit <PROCESADOR_LCD_REVD> is equivalent to the following 3 FFs/Latches, which will be removed : <vec_c_char_37> <vec_c_char_38> <vec_c_char_39> 
INFO:Xst:2261 - The FF/Latch <vec_c_char_19> in Unit <PROCESADOR_LCD_REVD> is equivalent to the following FF/Latch, which will be removed : <vec_c_char_23> 
INFO:Xst:2261 - The FF/Latch <vec_c_char_24> in Unit <PROCESADOR_LCD_REVD> is equivalent to the following FF/Latch, which will be removed : <vec_c_char_29> 
INFO:Xst:2261 - The FF/Latch <vec_c_char_28> in Unit <PROCESADOR_LCD_REVD> is equivalent to the following 2 FFs/Latches, which will be removed : <vec_c_char_31> <vec_c_char_33> 
INFO:Xst:2261 - The FF/Latch <vec_c_char_9> in Unit <PROCESADOR_LCD_REVD> is equivalent to the following FF/Latch, which will be removed : <vec_c_char_14> 
INFO:Xst:2261 - The FF/Latch <vec_c_char_15> in Unit <PROCESADOR_LCD_REVD> is equivalent to the following 2 FFs/Latches, which will be removed : <vec_c_char_16> <vec_c_char_35> 

Optimizing unit <ALU_top> ...

Optimizing unit <LIB_TEC_MATRICIAL_4x4_INTESC_RevA> ...

Optimizing unit <LIB_LCD_INTESC_REVD> ...

Optimizing unit <PROCESADOR_LCD_REVD> ...
WARNING:Xst:1710 - FF/Latch <BD_LCD_4> (without init value) has a constant value of 0 in block <PROCESADOR_LCD_REVD>. This FF/Latch will be trimmed during the optimization process.
WARNING:Xst:1895 - Due to other FF/Latch trimming, FF/Latch <BD_LCD_5> (without init value) has a constant value of 0 in block <PROCESADOR_LCD_REVD>. This FF/Latch will be trimmed during the optimization process.
WARNING:Xst:1895 - Due to other FF/Latch trimming, FF/Latch <BD_LCD_6> (without init value) has a constant value of 0 in block <PROCESADOR_LCD_REVD>. This FF/Latch will be trimmed during the optimization process.
WARNING:Xst:1895 - Due to other FF/Latch trimming, FF/Latch <BD_LCD_7> (without init value) has a constant value of 0 in block <PROCESADOR_LCD_REVD>. This FF/Latch will be trimmed during the optimization process.

Optimizing unit <KBDaBIN> ...

Optimizing unit <SHIFT_ADD3> ...
WARNING:Xst:2677 - Node <U1/IND> of sequential type is unconnected in block <ALU_top>.
WARNING:Xst:2677 - Node <U1/EDO_0> of sequential type is unconnected in block <ALU_top>.
WARNING:Xst:2677 - Node <U1/IND_S> of sequential type is unconnected in block <ALU_top>.
WARNING:Xst:2677 - Node <U7/u1/BD_LCD_3> of sequential type is unconnected in block <ALU_top>.
WARNING:Xst:2677 - Node <U7/u1/BD_LCD_2> of sequential type is unconnected in block <ALU_top>.
WARNING:Xst:2677 - Node <U7/u1/BD_LCD_1> of sequential type is unconnected in block <ALU_top>.
WARNING:Xst:2677 - Node <U7/u1/BD_LCD_0> of sequential type is unconnected in block <ALU_top>.
WARNING:Xst:1293 - FF/Latch <U7/u1/vec_c_char_34> has a constant value of 0 in block <ALU_top>. This FF/Latch will be trimmed during the optimization process.
WARNING:Xst:1896 - Due to other FF/Latch trimming, FF/Latch <U7/u1/vec_c_char_32> has a constant value of 0 in block <ALU_top>. This FF/Latch will be trimmed during the optimization process.
WARNING:Xst:1896 - Due to other FF/Latch trimming, FF/Latch <U7/u1/vec_c_char_28> has a constant value of 0 in block <ALU_top>. This FF/Latch will be trimmed during the optimization process.
WARNING:Xst:1896 - Due to other FF/Latch trimming, FF/Latch <U7/u1/vec_c_char_24> has a constant value of 0 in block <ALU_top>. This FF/Latch will be trimmed during the optimization process.
WARNING:Xst:1896 - Due to other FF/Latch trimming, FF/Latch <U7/u1/vec_c_char_20> has a constant value of 0 in block <ALU_top>. This FF/Latch will be trimmed during the optimization process.
WARNING:Xst:1896 - Due to other FF/Latch trimming, FF/Latch <U7/u1/vec_c_char_19> has a constant value of 0 in block <ALU_top>. This FF/Latch will be trimmed during the optimization process.
WARNING:Xst:1896 - Due to other FF/Latch trimming, FF/Latch <U7/u1/vec_c_char_18> has a constant value of 0 in block <ALU_top>. This FF/Latch will be trimmed during the optimization process.
WARNING:Xst:1896 - Due to other FF/Latch trimming, FF/Latch <U7/u1/vec_c_char_15> has a constant value of 0 in block <ALU_top>. This FF/Latch will be trimmed during the optimization process.
WARNING:Xst:1896 - Due to other FF/Latch trimming, FF/Latch <U7/u1/vec_c_char_13> has a constant value of 0 in block <ALU_top>. This FF/Latch will be trimmed during the optimization process.
WARNING:Xst:1896 - Due to other FF/Latch trimming, FF/Latch <U7/u1/vec_c_char_12> has a constant value of 0 in block <ALU_top>. This FF/Latch will be trimmed during the optimization process.
WARNING:Xst:1896 - Due to other FF/Latch trimming, FF/Latch <U7/u1/vec_c_char_11> has a constant value of 0 in block <ALU_top>. This FF/Latch will be trimmed during the optimization process.
WARNING:Xst:1896 - Due to other FF/Latch trimming, FF/Latch <U7/u1/vec_c_char_9> has a constant value of 0 in block <ALU_top>. This FF/Latch will be trimmed during the optimization process.
WARNING:Xst:1896 - Due to other FF/Latch trimming, FF/Latch <U7/u1/vec_c_char_8> has a constant value of 0 in block <ALU_top>. This FF/Latch will be trimmed during the optimization process.
WARNING:Xst:1896 - Due to other FF/Latch trimming, FF/Latch <U7/u1/vec_c_char_7> has a constant value of 0 in block <ALU_top>. This FF/Latch will be trimmed during the optimization process.
WARNING:Xst:1896 - Due to other FF/Latch trimming, FF/Latch <U7/u1/vec_c_char_6> has a constant value of 0 in block <ALU_top>. This FF/Latch will be trimmed during the optimization process.
WARNING:Xst:1896 - Due to other FF/Latch trimming, FF/Latch <U7/u1/vec_c_char_5> has a constant value of 0 in block <ALU_top>. This FF/Latch will be trimmed during the optimization process.
WARNING:Xst:1896 - Due to other FF/Latch trimming, FF/Latch <U7/u1/vec_c_char_4> has a constant value of 0 in block <ALU_top>. This FF/Latch will be trimmed during the optimization process.
WARNING:Xst:1896 - Due to other FF/Latch trimming, FF/Latch <U7/u1/vec_c_char_3> has a constant value of 0 in block <ALU_top>. This FF/Latch will be trimmed during the optimization process.
WARNING:Xst:1896 - Due to other FF/Latch trimming, FF/Latch <U7/u1/vec_c_char_2> has a constant value of 0 in block <ALU_top>. This FF/Latch will be trimmed during the optimization process.
WARNING:Xst:1896 - Due to other FF/Latch trimming, FF/Latch <U7/u1/vec_c_char_0> has a constant value of 0 in block <ALU_top>. This FF/Latch will be trimmed during the optimization process.
WARNING:Xst:1896 - Due to other FF/Latch trimming, FF/Latch <U7/u1/vec_l_ram_2> has a constant value of 0 in block <ALU_top>. This FF/Latch will be trimmed during the optimization process.
WARNING:Xst:1896 - Due to other FF/Latch trimming, FF/Latch <U7/u1/vec_l_ram_1> has a constant value of 0 in block <ALU_top>. This FF/Latch will be trimmed during the optimization process.
WARNING:Xst:1896 - Due to other FF/Latch trimming, FF/Latch <U7/u1/vec_l_ram_0> has a constant value of 0 in block <ALU_top>. This FF/Latch will be trimmed during the optimization process.
WARNING:Xst:1896 - Due to other FF/Latch trimming, FF/Latch <U7/u1/vec_ram_6> has a constant value of 0 in block <ALU_top>. This FF/Latch will be trimmed during the optimization process.
WARNING:Xst:1896 - Due to other FF/Latch trimming, FF/Latch <U7/u1/vec_ram_5> has a constant value of 0 in block <ALU_top>. This FF/Latch will be trimmed during the optimization process.
WARNING:Xst:1896 - Due to other FF/Latch trimming, FF/Latch <U7/u1/vec_ram_4> has a constant value of 0 in block <ALU_top>. This FF/Latch will be trimmed during the optimization process.
WARNING:Xst:1896 - Due to other FF/Latch trimming, FF/Latch <U7/u1/vec_ram_3> has a constant value of 0 in block <ALU_top>. This FF/Latch will be trimmed during the optimization process.
WARNING:Xst:1896 - Due to other FF/Latch trimming, FF/Latch <U7/u1/edo_FSM_FFd2> has a constant value of 0 in block <ALU_top>. This FF/Latch will be trimmed during the optimization process.
WARNING:Xst:1896 - Due to other FF/Latch trimming, FF/Latch <U7/u1/edo_FSM_FFd3> has a constant value of 0 in block <ALU_top>. This FF/Latch will be trimmed during the optimization process.
WARNING:Xst:1896 - Due to other FF/Latch trimming, FF/Latch <U7/u1/edo_FSM_FFd5> has a constant value of 0 in block <ALU_top>. This FF/Latch will be trimmed during the optimization process.
WARNING:Xst:1896 - Due to other FF/Latch trimming, FF/Latch <U7/u1/edo_FSM_FFd6> has a constant value of 0 in block <ALU_top>. This FF/Latch will be trimmed during the optimization process.
WARNING:Xst:1896 - Due to other FF/Latch trimming, FF/Latch <U7/u1/edo_FSM_FFd7> has a constant value of 0 in block <ALU_top>. This FF/Latch will be trimmed during the optimization process.
WARNING:Xst:1896 - Due to other FF/Latch trimming, FF/Latch <U7/u1/edo_FSM_FFd8> has a constant value of 0 in block <ALU_top>. This FF/Latch will be trimmed during the optimization process.
WARNING:Xst:1896 - Due to other FF/Latch trimming, FF/Latch <U7/u1/edo_FSM_FFd9> has a constant value of 0 in block <ALU_top>. This FF/Latch will be trimmed during the optimization process.
WARNING:Xst:1896 - Due to other FF/Latch trimming, FF/Latch <U7/u1/edo_FSM_FFd10> has a constant value of 0 in block <ALU_top>. This FF/Latch will be trimmed during the optimization process.
WARNING:Xst:1896 - Due to other FF/Latch trimming, FF/Latch <U7/u1/edo_FSM_FFd11> has a constant value of 0 in block <ALU_top>. This FF/Latch will be trimmed during the optimization process.
WARNING:Xst:1896 - Due to other FF/Latch trimming, FF/Latch <U7/u1/edo_FSM_FFd12> has a constant value of 0 in block <ALU_top>. This FF/Latch will be trimmed during the optimization process.
WARNING:Xst:1896 - Due to other FF/Latch trimming, FF/Latch <U7/u1/edo_FSM_FFd13> has a constant value of 0 in block <ALU_top>. This FF/Latch will be trimmed during the optimization process.
WARNING:Xst:1896 - Due to other FF/Latch trimming, FF/Latch <U7/u1/edo_FSM_FFd14> has a constant value of 0 in block <ALU_top>. This FF/Latch will be trimmed during the optimization process.
WARNING:Xst:1896 - Due to other FF/Latch trimming, FF/Latch <U7/u1/edo_FSM_FFd15> has a constant value of 0 in block <ALU_top>. This FF/Latch will be trimmed during the optimization process.
WARNING:Xst:1896 - Due to other FF/Latch trimming, FF/Latch <U7/u1/edo_FSM_FFd16> has a constant value of 0 in block <ALU_top>. This FF/Latch will be trimmed during the optimization process.
WARNING:Xst:1896 - Due to other FF/Latch trimming, FF/Latch <U7/u1/edo_FSM_FFd17> has a constant value of 0 in block <ALU_top>. This FF/Latch will be trimmed during the optimization process.
WARNING:Xst:1896 - Due to other FF/Latch trimming, FF/Latch <U7/u1/edo_FSM_FFd18> has a constant value of 0 in block <ALU_top>. This FF/Latch will be trimmed during the optimization process.
WARNING:Xst:1896 - Due to other FF/Latch trimming, FF/Latch <U7/u1/edo_FSM_FFd19> has a constant value of 0 in block <ALU_top>. This FF/Latch will be trimmed during the optimization process.
WARNING:Xst:1896 - Due to other FF/Latch trimming, FF/Latch <U7/u1/edo_FSM_FFd20> has a constant value of 0 in block <ALU_top>. This FF/Latch will be trimmed during the optimization process.
WARNING:Xst:1896 - Due to other FF/Latch trimming, FF/Latch <U7/u1/edo_FSM_FFd21> has a constant value of 0 in block <ALU_top>. This FF/Latch will be trimmed during the optimization process.
WARNING:Xst:1896 - Due to other FF/Latch trimming, FF/Latch <U7/u1/edo_FSM_FFd22> has a constant value of 0 in block <ALU_top>. This FF/Latch will be trimmed during the optimization process.
WARNING:Xst:1896 - Due to other FF/Latch trimming, FF/Latch <U7/u1/edo_FSM_FFd23> has a constant value of 0 in block <ALU_top>. This FF/Latch will be trimmed during the optimization process.
WARNING:Xst:1896 - Due to other FF/Latch trimming, FF/Latch <U7/u1/edo_FSM_FFd55> has a constant value of 0 in block <ALU_top>. This FF/Latch will be trimmed during the optimization process.
WARNING:Xst:1896 - Due to other FF/Latch trimming, FF/Latch <U7/u1/edo_FSM_FFd56> has a constant value of 0 in block <ALU_top>. This FF/Latch will be trimmed during the optimization process.
WARNING:Xst:1896 - Due to other FF/Latch trimming, FF/Latch <U7/u1/edo_FSM_FFd57> has a constant value of 0 in block <ALU_top>. This FF/Latch will be trimmed during the optimization process.
WARNING:Xst:1896 - Due to other FF/Latch trimming, FF/Latch <U7/u1/dir_salto_mem_5> has a constant value of 0 in block <ALU_top>. This FF/Latch will be trimmed during the optimization process.
WARNING:Xst:1896 - Due to other FF/Latch trimming, FF/Latch <U7/u1/dir_salto_mem_4> has a constant value of 0 in block <ALU_top>. This FF/Latch will be trimmed during the optimization process.
WARNING:Xst:1896 - Due to other FF/Latch trimming, FF/Latch <U7/u1/edo_FSM_FFd24> has a constant value of 0 in block <ALU_top>. This FF/Latch will be trimmed during the optimization process.
WARNING:Xst:1896 - Due to other FF/Latch trimming, FF/Latch <U7/u1/edo_FSM_FFd4> has a constant value of 0 in block <ALU_top>. This FF/Latch will be trimmed during the optimization process.
WARNING:Xst:638 - in unit ALU_top Conflict on KEEP property on signal U7/u1/edo_FSM_FFd7 and U7/u1/edo_FSM_FFd9 U7/u1/edo_FSM_FFd9 signal will be lost.
WARNING:Xst:638 - in unit ALU_top Conflict on KEEP property on signal U7/u1/edo_FSM_FFd7 and U7/u1/edo_FSM_FFd11 U7/u1/edo_FSM_FFd11 signal will be lost.
WARNING:Xst:638 - in unit ALU_top Conflict on KEEP property on signal U7/u1/edo_FSM_FFd11 and U7/u1/edo_FSM_FFd13 U7/u1/edo_FSM_FFd13 signal will be lost.
WARNING:Xst:638 - in unit ALU_top Conflict on KEEP property on signal U7/u1/edo_FSM_FFd11 and U7/u1/edo_FSM_FFd15 U7/u1/edo_FSM_FFd15 signal will be lost.
WARNING:Xst:638 - in unit ALU_top Conflict on KEEP property on signal U7/u1/edo_FSM_FFd11 and U7/u1/edo_FSM_FFd17 U7/u1/edo_FSM_FFd17 signal will be lost.
WARNING:Xst:638 - in unit ALU_top Conflict on KEEP property on signal U7/u1/edo_FSM_FFd11 and U7/u1/edo_FSM_FFd19 U7/u1/edo_FSM_FFd19 signal will be lost.
WARNING:Xst:638 - in unit ALU_top Conflict on KEEP property on signal U7/u1/edo_FSM_FFd11 and U7/u1/edo_FSM_FFd21 U7/u1/edo_FSM_FFd21 signal will be lost.
WARNING:Xst:638 - in unit ALU_top Conflict on KEEP property on signal U7/u1/edo_FSM_FFd11 and U7/u1/edo_FSM_FFd23 U7/u1/edo_FSM_FFd23 signal will be lost.
WARNING:Xst:638 - in unit ALU_top Conflict on KEEP property on signal U7/u1/edo_FSM_FFd11 and U7/u1/edo_FSM_FFd24-In U7/u1/edo_FSM_FFd24-In signal will be lost.
WARNING:Xst:638 - in unit ALU_top Conflict on KEEP property on signal U7/u1/edo_FSM_FFd11 and U7/u1/edo_FSM_FFd4-In U7/u1/edo_FSM_FFd4-In signal will be lost.
WARNING:Xst:1293 - FF/Latch <U7/u1/edo_FSM_FFd4> has a constant value of 0 in block <ALU_top>. This FF/Latch will be trimmed during the optimization process.
WARNING:Xst:1896 - Due to other FF/Latch trimming, FF/Latch <U7/u1/edo_FSM_FFd24> has a constant value of 0 in block <ALU_top>. This FF/Latch will be trimmed during the optimization process.
WARNING:Xst:1896 - Due to other FF/Latch trimming, FF/Latch <U7/u1/edo_FSM_FFd6> has a constant value of 0 in block <ALU_top>. This FF/Latch will be trimmed during the optimization process.
WARNING:Xst:1896 - Due to other FF/Latch trimming, FF/Latch <U7/u1/edo_FSM_FFd8> has a constant value of 0 in block <ALU_top>. This FF/Latch will be trimmed during the optimization process.
WARNING:Xst:1896 - Due to other FF/Latch trimming, FF/Latch <U7/u1/edo_FSM_FFd10> has a constant value of 0 in block <ALU_top>. This FF/Latch will be trimmed during the optimization process.
WARNING:Xst:1896 - Due to other FF/Latch trimming, FF/Latch <U7/u1/edo_FSM_FFd12> has a constant value of 0 in block <ALU_top>. This FF/Latch will be trimmed during the optimization process.
WARNING:Xst:1896 - Due to other FF/Latch trimming, FF/Latch <U7/u1/edo_FSM_FFd14> has a constant value of 0 in block <ALU_top>. This FF/Latch will be trimmed during the optimization process.
WARNING:Xst:1896 - Due to other FF/Latch trimming, FF/Latch <U7/u1/edo_FSM_FFd16> has a constant value of 0 in block <ALU_top>. This FF/Latch will be trimmed during the optimization process.
WARNING:Xst:1896 - Due to other FF/Latch trimming, FF/Latch <U7/u1/edo_FSM_FFd18> has a constant value of 0 in block <ALU_top>. This FF/Latch will be trimmed during the optimization process.
WARNING:Xst:1896 - Due to other FF/Latch trimming, FF/Latch <U7/u1/edo_FSM_FFd20> has a constant value of 0 in block <ALU_top>. This FF/Latch will be trimmed during the optimization process.
WARNING:Xst:1896 - Due to other FF/Latch trimming, FF/Latch <U7/u1/edo_FSM_FFd22> has a constant value of 0 in block <ALU_top>. This FF/Latch will be trimmed during the optimization process.
WARNING:Xst:1293 - FF/Latch <U7/u1/edo_FSM_FFd4> has a constant value of 0 in block <ALU_top>. This FF/Latch will be trimmed during the optimization process.
WARNING:Xst:1896 - Due to other FF/Latch trimming, FF/Latch <U7/u1/edo_FSM_FFd24> has a constant value of 0 in block <ALU_top>. This FF/Latch will be trimmed during the optimization process.
WARNING:Xst:1896 - Due to other FF/Latch trimming, FF/Latch <U7/u1/edo_FSM_FFd6> has a constant value of 0 in block <ALU_top>. This FF/Latch will be trimmed during the optimization process.
WARNING:Xst:1896 - Due to other FF/Latch trimming, FF/Latch <U7/u1/edo_FSM_FFd8> has a constant value of 0 in block <ALU_top>. This FF/Latch will be trimmed during the optimization process.
WARNING:Xst:1896 - Due to other FF/Latch trimming, FF/Latch <U7/u1/edo_FSM_FFd10> has a constant value of 0 in block <ALU_top>. This FF/Latch will be trimmed during the optimization process.
WARNING:Xst:1896 - Due to other FF/Latch trimming, FF/Latch <U7/u1/edo_FSM_FFd12> has a constant value of 0 in block <ALU_top>. This FF/Latch will be trimmed during the optimization process.
WARNING:Xst:1896 - Due to other FF/Latch trimming, FF/Latch <U7/u1/edo_FSM_FFd14> has a constant value of 0 in block <ALU_top>. This FF/Latch will be trimmed during the optimization process.
WARNING:Xst:1896 - Due to other FF/Latch trimming, FF/Latch <U7/u1/edo_FSM_FFd16> has a constant value of 0 in block <ALU_top>. This FF/Latch will be trimmed during the optimization process.
WARNING:Xst:1896 - Due to other FF/Latch trimming, FF/Latch <U7/u1/edo_FSM_FFd18> has a constant value of 0 in block <ALU_top>. This FF/Latch will be trimmed during the optimization process.
WARNING:Xst:1896 - Due to other FF/Latch trimming, FF/Latch <U7/u1/edo_FSM_FFd20> has a constant value of 0 in block <ALU_top>. This FF/Latch will be trimmed during the optimization process.
WARNING:Xst:1896 - Due to other FF/Latch trimming, FF/Latch <U7/u1/edo_FSM_FFd22> has a constant value of 0 in block <ALU_top>. This FF/Latch will be trimmed during the optimization process.
WARNING:Xst:1293 - FF/Latch <U7/u1/edo_FSM_FFd4> has a constant value of 0 in block <ALU_top>. This FF/Latch will be trimmed during the optimization process.
WARNING:Xst:1896 - Due to other FF/Latch trimming, FF/Latch <U7/u1/edo_FSM_FFd24> has a constant value of 0 in block <ALU_top>. This FF/Latch will be trimmed during the optimization process.
WARNING:Xst:1896 - Due to other FF/Latch trimming, FF/Latch <U7/u1/edo_FSM_FFd6> has a constant value of 0 in block <ALU_top>. This FF/Latch will be trimmed during the optimization process.
WARNING:Xst:1896 - Due to other FF/Latch trimming, FF/Latch <U7/u1/edo_FSM_FFd8> has a constant value of 0 in block <ALU_top>. This FF/Latch will be trimmed during the optimization process.
WARNING:Xst:1896 - Due to other FF/Latch trimming, FF/Latch <U7/u1/edo_FSM_FFd10> has a constant value of 0 in block <ALU_top>. This FF/Latch will be trimmed during the optimization process.
WARNING:Xst:1896 - Due to other FF/Latch trimming, FF/Latch <U7/u1/edo_FSM_FFd12> has a constant value of 0 in block <ALU_top>. This FF/Latch will be trimmed during the optimization process.
WARNING:Xst:1896 - Due to other FF/Latch trimming, FF/Latch <U7/u1/edo_FSM_FFd14> has a constant value of 0 in block <ALU_top>. This FF/Latch will be trimmed during the optimization process.
WARNING:Xst:1896 - Due to other FF/Latch trimming, FF/Latch <U7/u1/edo_FSM_FFd16> has a constant value of 0 in block <ALU_top>. This FF/Latch will be trimmed during the optimization process.
WARNING:Xst:1896 - Due to other FF/Latch trimming, FF/Latch <U7/u1/edo_FSM_FFd18> has a constant value of 0 in block <ALU_top>. This FF/Latch will be trimmed during the optimization process.
WARNING:Xst:1896 - Due to other FF/Latch trimming, FF/Latch <U7/u1/edo_FSM_FFd20> has a constant value of 0 in block <ALU_top>. This FF/Latch will be trimmed during the optimization process.
WARNING:Xst:1896 - Due to other FF/Latch trimming, FF/Latch <U7/u1/edo_FSM_FFd22> has a constant value of 0 in block <ALU_top>. This FF/Latch will be trimmed during the optimization process.
WARNING:Xst:1293 - FF/Latch <U7/u1/edo_FSM_FFd4> has a constant value of 0 in block <ALU_top>. This FF/Latch will be trimmed during the optimization process.
WARNING:Xst:1896 - Due to other FF/Latch trimming, FF/Latch <U7/u1/edo_FSM_FFd24> has a constant value of 0 in block <ALU_top>. This FF/Latch will be trimmed during the optimization process.
WARNING:Xst:1896 - Due to other FF/Latch trimming, FF/Latch <U7/u1/edo_FSM_FFd6> has a constant value of 0 in block <ALU_top>. This FF/Latch will be trimmed during the optimization process.
WARNING:Xst:1896 - Due to other FF/Latch trimming, FF/Latch <U7/u1/edo_FSM_FFd8> has a constant value of 0 in block <ALU_top>. This FF/Latch will be trimmed during the optimization process.
WARNING:Xst:1896 - Due to other FF/Latch trimming, FF/Latch <U7/u1/edo_FSM_FFd10> has a constant value of 0 in block <ALU_top>. This FF/Latch will be trimmed during the optimization process.
WARNING:Xst:1896 - Due to other FF/Latch trimming, FF/Latch <U7/u1/edo_FSM_FFd12> has a constant value of 0 in block <ALU_top>. This FF/Latch will be trimmed during the optimization process.
WARNING:Xst:1896 - Due to other FF/Latch trimming, FF/Latch <U7/u1/edo_FSM_FFd14> has a constant value of 0 in block <ALU_top>. This FF/Latch will be trimmed during the optimization process.
WARNING:Xst:1896 - Due to other FF/Latch trimming, FF/Latch <U7/u1/edo_FSM_FFd16> has a constant value of 0 in block <ALU_top>. This FF/Latch will be trimmed during the optimization process.
WARNING:Xst:1896 - Due to other FF/Latch trimming, FF/Latch <U7/u1/edo_FSM_FFd18> has a constant value of 0 in block <ALU_top>. This FF/Latch will be trimmed during the optimization process.
WARNING:Xst:1896 - Due to other FF/Latch trimming, FF/Latch <U7/u1/edo_FSM_FFd20> has a constant value of 0 in block <ALU_top>. This FF/Latch will be trimmed during the optimization process.
WARNING:Xst:1896 - Due to other FF/Latch trimming, FF/Latch <U7/u1/edo_FSM_FFd22> has a constant value of 0 in block <ALU_top>. This FF/Latch will be trimmed during the optimization process.
WARNING:Xst:1293 - FF/Latch <U7/u1/edo_FSM_FFd4> has a constant value of 0 in block <ALU_top>. This FF/Latch will be trimmed during the optimization process.
WARNING:Xst:1896 - Due to other FF/Latch trimming, FF/Latch <U7/u1/edo_FSM_FFd24> has a constant value of 0 in block <ALU_top>. This FF/Latch will be trimmed during the optimization process.
WARNING:Xst:1896 - Due to other FF/Latch trimming, FF/Latch <U7/u1/edo_FSM_FFd6> has a constant value of 0 in block <ALU_top>. This FF/Latch will be trimmed during the optimization process.
WARNING:Xst:1896 - Due to other FF/Latch trimming, FF/Latch <U7/u1/edo_FSM_FFd8> has a constant value of 0 in block <ALU_top>. This FF/Latch will be trimmed during the optimization process.
WARNING:Xst:1896 - Due to other FF/Latch trimming, FF/Latch <U7/u1/edo_FSM_FFd10> has a constant value of 0 in block <ALU_top>. This FF/Latch will be trimmed during the optimization process.
WARNING:Xst:1896 - Due to other FF/Latch trimming, FF/Latch <U7/u1/edo_FSM_FFd12> has a constant value of 0 in block <ALU_top>. This FF/Latch will be trimmed during the optimization process.
WARNING:Xst:1896 - Due to other FF/Latch trimming, FF/Latch <U7/u1/edo_FSM_FFd14> has a constant value of 0 in block <ALU_top>. This FF/Latch will be trimmed during the optimization process.
WARNING:Xst:1896 - Due to other FF/Latch trimming, FF/Latch <U7/u1/edo_FSM_FFd16> has a constant value of 0 in block <ALU_top>. This FF/Latch will be trimmed during the optimization process.
WARNING:Xst:1896 - Due to other FF/Latch trimming, FF/Latch <U7/u1/edo_FSM_FFd18> has a constant value of 0 in block <ALU_top>. This FF/Latch will be trimmed during the optimization process.
WARNING:Xst:1896 - Due to other FF/Latch trimming, FF/Latch <U7/u1/edo_FSM_FFd20> has a constant value of 0 in block <ALU_top>. This FF/Latch will be trimmed during the optimization process.
WARNING:Xst:1896 - Due to other FF/Latch trimming, FF/Latch <U7/u1/edo_FSM_FFd22> has a constant value of 0 in block <ALU_top>. This FF/Latch will be trimmed during the optimization process.
WARNING:Xst:1293 - FF/Latch <U7/u1/edo_FSM_FFd4> has a constant value of 0 in block <ALU_top>. This FF/Latch will be trimmed during the optimization process.
WARNING:Xst:1896 - Due to other FF/Latch trimming, FF/Latch <U7/u1/edo_FSM_FFd24> has a constant value of 0 in block <ALU_top>. This FF/Latch will be trimmed during the optimization process.
WARNING:Xst:1896 - Due to other FF/Latch trimming, FF/Latch <U7/u1/edo_FSM_FFd6> has a constant value of 0 in block <ALU_top>. This FF/Latch will be trimmed during the optimization process.
WARNING:Xst:1896 - Due to other FF/Latch trimming, FF/Latch <U7/u1/edo_FSM_FFd8> has a constant value of 0 in block <ALU_top>. This FF/Latch will be trimmed during the optimization process.
WARNING:Xst:1896 - Due to other FF/Latch trimming, FF/Latch <U7/u1/edo_FSM_FFd10> has a constant value of 0 in block <ALU_top>. This FF/Latch will be trimmed during the optimization process.
WARNING:Xst:1896 - Due to other FF/Latch trimming, FF/Latch <U7/u1/edo_FSM_FFd12> has a constant value of 0 in block <ALU_top>. This FF/Latch will be trimmed during the optimization process.
WARNING:Xst:1896 - Due to other FF/Latch trimming, FF/Latch <U7/u1/edo_FSM_FFd14> has a constant value of 0 in block <ALU_top>. This FF/Latch will be trimmed during the optimization process.
WARNING:Xst:1896 - Due to other FF/Latch trimming, FF/Latch <U7/u1/edo_FSM_FFd16> has a constant value of 0 in block <ALU_top>. This FF/Latch will be trimmed during the optimization process.
WARNING:Xst:1896 - Due to other FF/Latch trimming, FF/Latch <U7/u1/edo_FSM_FFd18> has a constant value of 0 in block <ALU_top>. This FF/Latch will be trimmed during the optimization process.
WARNING:Xst:1896 - Due to other FF/Latch trimming, FF/Latch <U7/u1/edo_FSM_FFd20> has a constant value of 0 in block <ALU_top>. This FF/Latch will be trimmed during the optimization process.
WARNING:Xst:1896 - Due to other FF/Latch trimming, FF/Latch <U7/u1/edo_FSM_FFd22> has a constant value of 0 in block <ALU_top>. This FF/Latch will be trimmed during the optimization process.
INFO:Xst:2261 - The FF/Latch <U7/u1/dir_salto_mem_2> in Unit <ALU_top> is equivalent to the following 2 FFs/Latches, which will be removed : <U7/u1/dir_salto_mem_1> <U7/u1/dir_salto_mem_0> 
INFO:Xst:2261 - The FF/Latch <U1/CONTA_10MS_0> in Unit <ALU_top> is equivalent to the following FF/Latch, which will be removed : <U1/CONTA_1MS_0> 
INFO:Xst:2261 - The FF/Latch <U1/CONTA_10MS_1> in Unit <ALU_top> is equivalent to the following FF/Latch, which will be removed : <U1/CONTA_1MS_1> 
INFO:Xst:2261 - The FF/Latch <U1/CONTA_10MS_2> in Unit <ALU_top> is equivalent to the following FF/Latch, which will be removed : <U1/CONTA_1MS_2> 
INFO:Xst:2261 - The FF/Latch <U1/CONTA_10MS_3> in Unit <ALU_top> is equivalent to the following FF/Latch, which will be removed : <U1/CONTA_1MS_3> 
INFO:Xst:2261 - The FF/Latch <U7/u1/edo_enable_FSM_FFd1> in Unit <ALU_top> is equivalent to the following FF/Latch, which will be removed : <U7/u1/enable_fin> 
INFO:Xst:2261 - The FF/Latch <U7/u1/edo_FSM_FFd4> in Unit <ALU_top> is equivalent to the following 10 FFs/Latches, which will be removed : <U7/u1/edo_FSM_FFd24> <U7/u1/edo_FSM_FFd6> <U7/u1/edo_FSM_FFd8> <U7/u1/edo_FSM_FFd10> <U7/u1/edo_FSM_FFd12> <U7/u1/edo_FSM_FFd14> <U7/u1/edo_FSM_FFd16> <U7/u1/edo_FSM_FFd18> <U7/u1/edo_FSM_FFd20> <U7/u1/edo_FSM_FFd22> 
WARNING:Xst:638 - in unit ALU_top Conflict on KEEP property on signal U7/u1/edo_FSM_FFd4 and U7/u1/edo_FSM_FFd24 U7/u1/edo_FSM_FFd24 signal will be lost.
WARNING:Xst:638 - in unit ALU_top Conflict on KEEP property on signal U7/u1/edo_FSM_FFd24 and U7/u1/edo_FSM_FFd6 U7/u1/edo_FSM_FFd6 signal will be lost.
WARNING:Xst:638 - in unit ALU_top Conflict on KEEP property on signal U7/u1/edo_FSM_FFd24 and U7/u1/edo_FSM_FFd8 U7/u1/edo_FSM_FFd8 signal will be lost.
WARNING:Xst:638 - in unit ALU_top Conflict on KEEP property on signal U7/u1/edo_FSM_FFd24 and U7/u1/edo_FSM_FFd10 U7/u1/edo_FSM_FFd10 signal will be lost.
WARNING:Xst:638 - in unit ALU_top Conflict on KEEP property on signal U7/u1/edo_FSM_FFd10 and U7/u1/edo_FSM_FFd12 U7/u1/edo_FSM_FFd12 signal will be lost.
WARNING:Xst:638 - in unit ALU_top Conflict on KEEP property on signal U7/u1/edo_FSM_FFd10 and U7/u1/edo_FSM_FFd14 U7/u1/edo_FSM_FFd14 signal will be lost.
WARNING:Xst:638 - in unit ALU_top Conflict on KEEP property on signal U7/u1/edo_FSM_FFd10 and U7/u1/edo_FSM_FFd16 U7/u1/edo_FSM_FFd16 signal will be lost.
WARNING:Xst:638 - in unit ALU_top Conflict on KEEP property on signal U7/u1/edo_FSM_FFd10 and U7/u1/edo_FSM_FFd18 U7/u1/edo_FSM_FFd18 signal will be lost.
WARNING:Xst:638 - in unit ALU_top Conflict on KEEP property on signal U7/u1/edo_FSM_FFd10 and U7/u1/edo_FSM_FFd20 U7/u1/edo_FSM_FFd20 signal will be lost.
WARNING:Xst:638 - in unit ALU_top Conflict on KEEP property on signal U7/u1/edo_FSM_FFd10 and U7/u1/edo_FSM_FFd22 U7/u1/edo_FSM_FFd22 signal will be lost.

Mapping all equations...
WARNING:Xst:1293 - FF/Latch <U7/u1/edo_FSM_FFd4> has a constant value of 0 in block <ALU_top>. This FF/Latch will be trimmed during the optimization process.
WARNING:Xst:1293 - FF/Latch <U7/u1/edo_FSM_FFd4> has a constant value of 0 in block <ALU_top>. This FF/Latch will be trimmed during the optimization process.
Building and optimizing final netlist ...
WARNING:Xst:638 - in unit ALU_top Conflict on KEEP property on signal U7/u1/edo_FSM_FFd10 and U7/u1/edo_FSM_FFd11 U7/u1/edo_FSM_FFd11 signal will be lost.
Found area constraint ratio of 100 (+ 5) on block ALU_top, actual ratio is 12.
FlipFlop U2/A_0 has been replicated 2 time(s)
FlipFlop U2/A_1 has been replicated 2 time(s)
FlipFlop U2/A_2 has been replicated 4 time(s)
FlipFlop U2/A_3 has been replicated 3 time(s)
FlipFlop U2/B_0 has been replicated 3 time(s)
FlipFlop U2/B_1 has been replicated 2 time(s)
FlipFlop U2/B_2 has been replicated 3 time(s)
FlipFlop U2/B_3 has been replicated 3 time(s)
FlipFlop U7/u1/dir_mem_s_0 has been replicated 1 time(s)
FlipFlop U7/u1/dir_mem_s_1 has been replicated 1 time(s)
FlipFlop U7/u1/dir_mem_s_2 has been replicated 1 time(s)
FlipFlop U7/u1/dir_mem_s_3 has been replicated 1 time(s)
FlipFlop U7/u1/dir_mem_s_4 has been replicated 1 time(s)
FlipFlop U7/u1/dir_mem_s_5 has been replicated 1 time(s)

Final Macro Processing ...

=========================================================================
Final Register Report

Macro Statistics
# Registers                                            : 309
 Flip-Flops                                            : 309

=========================================================================

=========================================================================
*                           Partition Report                            *
=========================================================================

Partition Implementation Status
-------------------------------

  No Partitions were found in this design.

-------------------------------

=========================================================================
*                            Design Summary                             *
=========================================================================

Top Level Output File Name         : ALU_top.ngc

Primitive and Black Box Usage:
------------------------------
# BELS                             : 815
#      GND                         : 1
#      INV                         : 8
#      LUT1                        : 69
#      LUT2                        : 35
#      LUT3                        : 71
#      LUT4                        : 57
#      LUT5                        : 85
#      LUT6                        : 289
#      MUXCY                       : 90
#      MUXF7                       : 25
#      VCC                         : 1
#      XORCY                       : 84
# FlipFlops/Latches                : 309
#      FD                          : 44
#      FDE                         : 212
#      FDR                         : 35
#      FDRE                        : 18
# Clock Buffers                    : 1
#      BUFG                        : 1
# IO Buffers                       : 48
#      IBUF                        : 9
#      OBUF                        : 39

Device utilization summary:
---------------------------

Selected Device : 6slx9csg225-2 


Slice Logic Utilization: 
 Number of Slice Registers:             309  out of  11440     2%  
 Number of Slice LUTs:                  614  out of   5720    10%  
    Number used as Logic:               614  out of   5720    10%  

Slice Logic Distribution: 
 Number of LUT Flip Flop pairs used:    757
   Number with an unused Flip Flop:     448  out of    757    59%  
   Number with an unused LUT:           143  out of    757    18%  
   Number of fully used LUT-FF pairs:   166  out of    757    21%  
   Number of unique control sets:        18

IO Utilization: 
 Number of IOs:                          48
 Number of bonded IOBs:                  48  out of    160    30%  

Specific Feature Utilization:
 Number of BUFG/BUFGCTRLs:                1  out of     16     6%  

---------------------------
Partition Resource Summary:
---------------------------

  No Partitions were found in this design.

---------------------------


=========================================================================
Timing Report

NOTE: THESE TIMING NUMBERS ARE ONLY A SYNTHESIS ESTIMATE.
      FOR ACCURATE TIMING INFORMATION PLEASE REFER TO THE TRACE REPORT
      GENERATED AFTER PLACE-and-ROUTE.

Clock Information:
------------------
-----------------------------------+------------------------+-------+
Clock Signal                       | Clock buffer(FF name)  | Load  |
-----------------------------------+------------------------+-------+
CLK                                | IBUF+BUFG              | 309   |
-----------------------------------+------------------------+-------+

Asynchronous Control Signals Information:
----------------------------------------
No asynchronous control signals found in this design

Timing Summary:
---------------
Speed Grade: -2

   Minimum period: 13.923ns (Maximum Frequency: 71.824MHz)
   Minimum input arrival time before clock: 15.921ns
   Maximum output required time after clock: 9.828ns
   Maximum combinational path delay: 6.410ns

Timing Details:
---------------
All values displayed in nanoseconds (ns)

=========================================================================
Timing constraint: Default period analysis for Clock 'CLK'
  Clock period: 13.923ns (frequency: 71.824MHz)
  Total number of paths / destination ports: 8306263 / 545
-------------------------------------------------------------------------
Delay:               13.923ns (Levels of Logic = 19)
  Source:            U2/A_1_1 (FF)
  Destination:       U7/u1/data_s_7 (FF)
  Source Clock:      CLK rising
  Destination Clock: CLK rising

  Data Path: U2/A_1_1 to U7/u1/data_s_7
                                Gate     Net
    Cell:in->out      fanout   Delay   Delay  Logical Name (Net Name)
    ----------------------------------------  ------------
     FDE:C->Q              2   0.525   1.156  U2/A_1_1 (U2/A_1_1)
     LUT5:I0->O            1   0.254   0.682  U3/Mmult_A[3]_B[3]_MuLt_6_OUT_Madd_311 (U3/Mmult_A[3]_B[3]_MuLt_6_OUT_Madd_31)
     LUT5:I4->O            1   0.254   0.000  U3/Mmult_A[3]_B[3]_MuLt_6_OUT_Madd2_lut<3> (U3/Mmult_A[3]_B[3]_MuLt_6_OUT_Madd2_lut<3>)
     MUXCY:S->O            1   0.215   0.000  U3/Mmult_A[3]_B[3]_MuLt_6_OUT_Madd2_cy<3> (U3/Mmult_A[3]_B[3]_MuLt_6_OUT_Madd2_cy<3>)
     XORCY:CI->O           7   0.206   0.910  U3/Mmult_A[3]_B[3]_MuLt_6_OUT_Madd2_xor<4> (U3/A[3]_B[3]_MuLt_6_OUT<4>)
     LUT5:I4->O           10   0.254   1.438  RESUL_ARIT<4> (RESUL_ARIT<4>)
     LUT6:I1->O            5   0.254   0.841  U5/GND_11_o_C[4]_LessThan_11_o21 (U5/GND_11_o_C[4]_LessThan_11_o2)
     LUT6:I5->O            4   0.254   0.804  U5/Mmux_C_D_U<9>11 (UNIint<1>)
     LUT6:I5->O            1   0.254   0.000  U7/Mmux_vector_mem1010_SW4_G (N327)
     MUXF7:I1->O           3   0.175   0.994  U7/Mmux_vector_mem1010_SW4 (N197)
     LUT5:I2->O           19   0.235   1.261  U7/Mmux_vector_mem11 (U7/vector_mem<2>)
     LUT6:I5->O            5   0.254   0.841  U7/u1/PWR_17_o_VECTOR_MEM[8]_AND_34_o_SW0_SW0 (N126)
     LUT6:I5->O            3   0.254   0.766  U7/u1/PWR_17_o_VECTOR_MEM[8]_AND_34_o (U7/u1/PWR_17_o_VECTOR_MEM[8]_AND_34_o)
     LUT5:I4->O            1   0.254   0.000  U7/u1/Mmux__n2661_rs_lut<2> (U7/u1/Mmux__n2661_rs_lut<2>)
     MUXCY:S->O            1   0.215   0.000  U7/u1/Mmux__n2661_rs_cy<2> (U7/u1/Mmux__n2661_rs_cy<2>)
     MUXCY:CI->O           1   0.023   0.000  U7/u1/Mmux__n2661_rs_cy<3> (U7/u1/Mmux__n2661_rs_cy<3>)
     MUXCY:CI->O           1   0.023   0.000  U7/u1/Mmux__n2661_rs_cy<4> (U7/u1/Mmux__n2661_rs_cy<4>)
     MUXCY:CI->O           1   0.023   0.000  U7/u1/Mmux__n2661_rs_cy<5> (U7/u1/Mmux__n2661_rs_cy<5>)
     MUXCY:CI->O           0   0.023   0.000  U7/u1/Mmux__n2661_rs_cy<6> (U7/u1/Mmux__n2661_rs_cy<6>)
     XORCY:CI->O           1   0.206   0.000  U7/u1/Mmux__n2661_rs_xor<7> (U7/u1/_n2661<7>)
     FDE:D                     0.074          U7/u1/data_s_7
    ----------------------------------------
    Total                     13.923ns (4.230ns logic, 9.693ns route)
                                       (30.4% logic, 69.6% route)

=========================================================================
Timing constraint: Default OFFSET IN BEFORE for Clock 'CLK'
  Total number of paths / destination ports: 907559 / 79
-------------------------------------------------------------------------
Offset:              15.921ns (Levels of Logic = 19)
  Source:            SEL<0> (PAD)
  Destination:       U7/u1/data_s_7 (FF)
  Destination Clock: CLK rising

  Data Path: SEL<0> to U7/u1/data_s_7
                                Gate     Net
    Cell:in->out      fanout   Delay   Delay  Logical Name (Net Name)
    ----------------------------------------  ------------
     IBUF:I->O            60   1.328   2.354  SEL_0_IBUF (LEDSW_B_0_OBUF)
     LUT6:I0->O           10   0.254   1.008  RESUL_ARIT<3>4 (RESUL_ARIT<3>4)
     LUT6:I5->O            1   0.254   0.000  RESUL_ARIT<3>3_SW3_G (N321)
     MUXF7:I1->O           1   0.175   0.958  RESUL_ARIT<3>3_SW3 (N183)
     LUT6:I2->O           13   0.254   1.098  RESUL_ARIT<3>5 (RESUL_ARIT<3>)
     LUT6:I5->O            5   0.254   1.069  U5/Mmux_C[3]_C[5]_MUX_98_o121 (U5/Mmux_C[3]_C[5]_MUX_98_o12)
     LUT6:I3->O            4   0.235   0.804  U5/Mmux_C_D_U<9>11 (UNIint<1>)
     LUT6:I5->O            1   0.254   0.000  U7/Mmux_vector_mem1010_SW4_G (N327)
     MUXF7:I1->O           3   0.175   0.994  U7/Mmux_vector_mem1010_SW4 (N197)
     LUT5:I2->O           19   0.235   1.261  U7/Mmux_vector_mem11 (U7/vector_mem<2>)
     LUT6:I5->O            5   0.254   0.841  U7/u1/PWR_17_o_VECTOR_MEM[8]_AND_34_o_SW0_SW0 (N126)
     LUT6:I5->O            3   0.254   0.766  U7/u1/PWR_17_o_VECTOR_MEM[8]_AND_34_o (U7/u1/PWR_17_o_VECTOR_MEM[8]_AND_34_o)
     LUT5:I4->O            1   0.254   0.000  U7/u1/Mmux__n2661_rs_lut<2> (U7/u1/Mmux__n2661_rs_lut<2>)
     MUXCY:S->O            1   0.215   0.000  U7/u1/Mmux__n2661_rs_cy<2> (U7/u1/Mmux__n2661_rs_cy<2>)
     MUXCY:CI->O           1   0.023   0.000  U7/u1/Mmux__n2661_rs_cy<3> (U7/u1/Mmux__n2661_rs_cy<3>)
     MUXCY:CI->O           1   0.023   0.000  U7/u1/Mmux__n2661_rs_cy<4> (U7/u1/Mmux__n2661_rs_cy<4>)
     MUXCY:CI->O           1   0.023   0.000  U7/u1/Mmux__n2661_rs_cy<5> (U7/u1/Mmux__n2661_rs_cy<5>)
     MUXCY:CI->O           0   0.023   0.000  U7/u1/Mmux__n2661_rs_cy<6> (U7/u1/Mmux__n2661_rs_cy<6>)
     XORCY:CI->O           1   0.206   0.000  U7/u1/Mmux__n2661_rs_xor<7> (U7/u1/_n2661<7>)
     FDE:D                     0.074          U7/u1/data_s_7
    ----------------------------------------
    Total                     15.921ns (4.768ns logic, 11.153ns route)
                                       (29.9% logic, 70.1% route)

=========================================================================
Timing constraint: Default OFFSET OUT AFTER for Clock 'CLK'
  Total number of paths / destination ports: 89 / 14
-------------------------------------------------------------------------
Offset:              9.828ns (Levels of Logic = 6)
  Source:            U7/u1/ciclo_enable_3 (FF)
  Destination:       ENA (PAD)
  Source Clock:      CLK rising

  Data Path: U7/u1/ciclo_enable_3 to ENA
                                Gate     Net
    Cell:in->out      fanout   Delay   Delay  Logical Name (Net Name)
    ----------------------------------------  ------------
     FDE:C->Q             12   0.525   1.068  U7/u1/ciclo_enable_3 (U7/u1/ciclo_enable_3)
     INV:I->O             10   0.255   1.438  U7/u1/n1587<3>1_INV_0 (U7/u1/n1587<3>)
     LUT5:I0->O            0   0.254   0.000  U7/u1/Mcompar_BUS_0005_GND_16_o_LessThan_666_o_lutdi3 (U7/u1/Mcompar_BUS_0005_GND_16_o_LessThan_666_o_lutdi3)
     MUXCY:DI->O           1   0.393   0.682  U7/u1/Mcompar_BUS_0005_GND_16_o_LessThan_666_o_cy<3> (U7/u1/Mcompar_BUS_0005_GND_16_o_LessThan_666_o_cy<3>)
     LUT5:I4->O            1   0.254   1.112  U7/u1/Mcompar_BUS_0005_GND_16_o_LessThan_666_o_cy<4> (U7/u1/Mcompar_BUS_0005_GND_16_o_LessThan_666_o_cy<4>)
     LUT5:I0->O            1   0.254   0.681  U7/u1/ENA1 (ENA_OBUF)
     OBUF:I->O                 2.912          ENA_OBUF (ENA)
    ----------------------------------------
    Total                      9.828ns (4.847ns logic, 4.981ns route)
                                       (49.3% logic, 50.7% route)

=========================================================================
Timing constraint: Default path analysis
  Total number of paths / destination ports: 11 / 11
-------------------------------------------------------------------------
Delay:               6.410ns (Levels of Logic = 3)
  Source:            CAMBIO (PAD)
  Destination:       LEDSW_G<7> (PAD)

  Data Path: CAMBIO to LEDSW_G<7>
                                Gate     Net
    Cell:in->out      fanout   Delay   Delay  Logical Name (Net Name)
    ----------------------------------------  ------------
     IBUF:I->O            18   1.328   1.234  CAMBIO_IBUF (LEDSW_R_7_OBUF)
     INV:I->O              1   0.255   0.681  LEDSW_G<7>1_INV_0 (LEDSW_G_7_OBUF)
     OBUF:I->O                 2.912          LEDSW_G_7_OBUF (LEDSW_G<7>)
    ----------------------------------------
    Total                      6.410ns (4.495ns logic, 1.915ns route)
                                       (70.1% logic, 29.9% route)

=========================================================================

Cross Clock Domains Report:
--------------------------

Clock to Setup on destination clock CLK
---------------+---------+---------+---------+---------+
               | Src:Rise| Src:Fall| Src:Rise| Src:Fall|
Source Clock   |Dest:Rise|Dest:Rise|Dest:Fall|Dest:Fall|
---------------+---------+---------+---------+---------+
CLK            |   13.923|         |         |         |
---------------+---------+---------+---------+---------+

=========================================================================


Total REAL time to Xst completion: 86.00 secs
Total CPU time to Xst completion: 78.38 secs
 
--> 


Total memory usage is 405312 kilobytes

Number of errors   :    0 (   0 filtered)
Number of warnings :  188 (   0 filtered)
Number of infos    :   24 (   0 filtered)

